[2026-04-13 22:37:34] [INFO] Питомец Пиксель инициализирован.
[2026-04-13 22:37:48] [INFO] Питомец Пиксель инициализирован.
[2026-04-13 22:39:17] [INFO] Питомец Пиксель инициализирован.
[2026-04-13 22:40:33] [INFO] Сохранение прогресса...
[2026-04-13 22:46:05] [INFO] Питомец Пиксель инициализирован.
[2026-04-13 22:47:16] [WARNING] Питомец погиб.
[2026-04-13 22:47:30] [INFO] Игра закрыта. Прогресс сохранен.
[2026-04-13 22:47:33] [INFO] Питомец Пиксель инициализирован.
[2026-04-13 22:47:38] [INFO] Игра закрыта. Прогресс сохранен.
[2026-04-13 22:55:48] [INFO] Питомец Пиксель инициализирован.
[2026-04-13 22:57:20] [INFO] Погода изменилась: Туман
[2026-04-13 22:58:43] [INFO] Погода изменилась: Солнечно
[2026-04-13 23:00:23] [WARNING] Питомец погиб.
[2026-04-13 23:03:16] [INFO] Игра закрыта. Прогресс сохранен.
[2026-04-13 23:03:16] [INFO] Питомец Пиксель инициализирован.
[2026-04-13 23:03:20] [INFO] Питомец Пиксель был воскрешен бесплатно.
[2026-04-16 22:21:41] [INFO] Питомец Пиксель инициализирован.
[2026-04-16 22:25:52] [INFO] Погода изменилась: Гроза
[2026-04-16 22:26:13] [WARNING] Питомец Пиксель погиб от нехватки ресурсов.
[2026-04-16 22:26:25] [INFO] Питомец Пиксель был воскрешен бесплатно.
[2026-04-16 22:26:34] [INFO] Погода изменилась: Гроза
[2026-04-23 15:05:30] [INFO] Питомец Пиксель инициализирован.
[2026-04-23 15:07:52] [INFO] Питомец Пиксель инициализирован.
[2026-04-23 15:09:55] [WARNING] Питомец Пиксель погиб от нехватки ресурсов.
[2026-04-23 15:09:57] [INFO] Питомец Пиксель был воскрешен бесплатно.
[2026-04-23 15:10:01] [INFO] Погода изменилась: Солнечно
[2026-04-23 15:25:19] [INFO] Питомец Пиксель инициализирован.
[2026-04-23 15:25:23] [INFO] Пиксель поспал и восстановил энергию.
[2026-04-23 15:25:26] [INFO] Пиксель поспал и восстановил энергию.
[2026-04-23 15:25:27] [INFO] Пиксель поспал и восстановил энергию.
[2026-04-23 15:25:27] [INFO] Пиксель поспал и восстановил энергию.
[2026-04-23 15:25:28] [INFO] Пиксель поспал и восстановил энергию.
[2026-04-23 15:25:28] [INFO] Пиксель поспал и восстановил энергию.
[2026-04-23 15:25:29] [INFO] Пиксель поспал и восстановил энергию.
[2026-04-23 15:25:30] [INFO] Пиксель поспал и восстановил энергию.
[2026-04-23 15:25:34] [INFO] Пиксель поспал и восстановил энергию.
[2026-04-23 15:25:36] [INFO] Пиксель поспал и восстановил энергию.
[2026-04-23 15:25:44] [INFO] Уровень повышен! Теперь уровень: 2
[2026-04-23 15:26:18] [INFO] Погода изменилась: Дождь
[2026-04-23 15:26:33] [INFO] Погода изменилась: Туман
[2026-04-23 15:27:16] [INFO] Пиксель поспал и восстановил энергию.
[2026-04-23 15:27:17] [INFO] Пиксель поспал и восстановил энергию.
[2026-04-23 15:27:18] [INFO] Пиксель поспал и восстановил энергию.
[2026-04-23 15:27:18] [INFO] Пиксель поспал и восстановил энергию.
[2026-04-23 15:27:18] [INFO] Пиксель поспал и восстановил энергию.
[2026-04-23 15:27:18] [INFO] Пиксель поспал и восстановил энергию.
[2026-04-23 15:27:18] [INFO] Пиксель поспал и восстановил энергию.
[2026-04-23 15:27:19] [INFO] Пиксель поспал и восстановил энергию.
[2026-04-23 15:27:19] [INFO] Пиксель поспал и восстановил энергию.
[2026-04-23 15:27:37] [INFO] Погода изменилась: Гроза
[2026-04-23 15:28:35] [INFO] Питомец Пиксель был воскрешен бесплатно.
[2026-04-23 15:28:35] [INFO] Погода изменилась: Дождь
[2026-04-23 15:28:44] [INFO] Питомец Пиксель инициализирован.
[2026-04-23 15:40:09] [INFO] Питомец Пиксель инициализирован.
[2026-04-23 15:40:20] [INFO] Пиксель поспал и восстановил энергию.
[2026-04-23 15:40:22] [INFO] Пиксель поспал и восстановил энергию.
[2026-04-23 15:42:05] [INFO] Погода изменилась: Гроза
[2026-04-23 15:42:09] [INFO] Пиксель поспал и восстановил энергию.
[2026-04-23 15:44:47] [INFO] Питомец Пиксель инициализирован.
[2026-04-23 15:45:31] [WARNING] Питомец Пиксель погиб от нехватки ресурсов.
[2026-04-23 15:45:59] [INFO] Питомец Пиксель был воскрешен бесплатно.
[2026-04-23 15:47:24] [INFO] Питомец Пиксель инициализирован.
[2026-04-23 15:47:39] [INFO] Уровень повышен! Теперь уровень: 3
[2026-04-23 16:24:54] [INFO] Питомец Пиксель инициализирован.
[2026-04-23 16:25:16] [INFO] Пиксель поспал и восстановил энергию.
[2026-04-23 16:25:19] [INFO] Пиксель поспал и восстановил энергию.
[2026-04-23 16:25:20] [INFO] Пиксель поспал и восстановил энергию.
[2026-04-23 16:25:38] [INFO] Погода изменилась: Солнечно
[2026-04-23 23:30:46] [INFO] Питомец Пиксель инициализирован.
[2026-04-23 23:31:08] [INFO] Питомец Пиксель инициализирован.
[2026-04-23 23:32:07] [INFO] Питомец Пиксель был воскрешен бесплатно.
[2026-04-23 23:32:27] [INFO] Пиксель поспал и восстановил энергию.
[2026-04-23 23:32:28] [INFO] Пиксель поспал и восстановил энергию.
[2026-04-23 23:32:41] [INFO] Погода изменилась: Гроза
[2026-04-23 23:33:17] [INFO] Погода изменилась: Дождь
[2026-04-23 23:33:26] [INFO] Погода изменилась: Туман
[2026-04-23 23:35:40] [INFO] Погода изменилась: Дождь
[2026-04-23 23:36:25] [WARNING] Питомец Пиксель погиб от нехватки ресурсов.
[2026-04-23 23:37:03] [INFO] Питомец Пиксель был воскрешен бесплатно.
[2026-04-23 23:39:34] [INFO] Погода изменилась: Дождь
[2026-04-23 23:40:23] [WARNING] Питомец Пиксель погиб от нехватки ресурсов.
[2026-04-24 00:00:30] [INFO] Питомец Пиксель инициализирован.
[2026-04-24 00:00:33] [INFO] Питомец Пиксель был воскрешен бесплатно.
[2026-04-24 00:01:22] [WARNING] Питомец Пиксель погиб от нехватки ресурсов.
[2026-04-24 00:01:23] [INFO] Питомец Пиксель был воскрешен бесплатно.
[2026-04-24 00:02:39] [INFO] Пиксель поспал и восстановил энергию.
[2026-04-24 00:02:50] [INFO] Погода изменилась: Туман
[2026-04-24 00:03:08] [INFO] Погода изменилась: Туман
